expo-doctor: v1.20.4
env: load .env
env: export BETTER_AUTH_SECRET BETTER_AUTH_URL DATABASE_URL EXPO_PUBLIC_API_URL GOOGLE_CLIENT_ID GOOGLE_CLIENT_SECRET GROQ_API_KEY IMAGEKIT_PRIVATE_KEY IMAGEKIT_PUBLIC_KEY RESEND_API_KEY RESEND_FROM_EMAIL
Running 21 checks on your project...
Γ£ö Check that local environment files are not committed
Γ£ö Check package.json for common issues
Γ£ö Check Expo config for common issues
Γ£ö Check for overridden dependencies
Γ£ö Check for Expo SDK versions affected by Hermes V1 regressions
Γ£ö Check if the project meets version requirements for submission to app stores
Γ£ö Check for lock file
Γ£ö Check dependencies for packages that should not be installed directly
Γ£ö Check for app config fields that may not be synced in a non-CNG project
Γ£ö Check for issues with Metro config
Γ£ö Check npm/yarn versions
Γ£ö Check native tooling versions
Γ£ö Check for common project setup issues
Γ£ö Check that required peer dependencies are installed
Γ£ö Check that packages match versions required by installed Expo SDK
Γ£ö Check Expo config (app.json/ app.config.js) schema
Γ£ö Check that no duplicate dependencies are installed
Γ£ö Validate packages against React Native Directory package metadata
Γ£ö Check that native modules do not use incompatible support packages
Γ£ö Check that @expo/vector-icons package is not installed together with other potentially conflicting icon packages.
Γ£ö Check for legacy global CLI installed locally

21/21 checks passed. No issues detected!

EXIT=0
